{
    "Should not create params JSON if no output directory": {
        "content": [
            {
                "0": [
                    true
                ],
                "out": [
                    true
                ]
            },
            [
                
            ]
        ],
        "timestamp": "2023-10-13T11:20:39.95953"
    },
    "Should print version": {
        "content": [
            [
                
            ]
        ],
        "timestamp": "2023-10-13T11:30:28.944976"
    },
    "Should dump params": {
        "content": [
            {
                "0": [
                    true
                ],
                "out": [
                    true
                ]
            }
        ],
        "timestamp": "2023-10-13T11:20:38.091733"
    },
    "Should run no inputs": {
        "content": [
            {
                "0": [
                    true
                ],
                "out": [
                    true
                ]
            }
        ],
        "timestamp": "2023-10-13T11:20:34.374076"
    }
}