{
    "Should run without failures": {
        "content": [
            {
                "0": [
                    "user-settings.mkfg:md5,8733bcd475a88fb919139573602605ba"
                ],
                "1": [
                    "versions.yml:md5,fec13b593c3b42ddd38f2fc77df25b70"
                ],
                "ncbi_settings": [
                    "user-settings.mkfg:md5,8733bcd475a88fb919139573602605ba"
                ],
                "versions": [
                    "versions.yml:md5,fec13b593c3b42ddd38f2fc77df25b70"
                ]
            }
        ],
        "timestamp": "2023-10-11T18:07:25.95687"
    }
}