{
    "test_fastq_trim_fastp_fastqc_single_end": {
        "content": [
            [
                [
                    {
                        "id": "test"
                    },
                    "test.fastp.fastq.gz:md5,dc08e42319d0deab088da4d8600aa2bd"
                ]
            ],
            [
                [
                    {
                        "id": "test"
                    },
                    "test.fastp.json:md5,c852d7a6dba5819e4ac8d9673bedcacc"
                ]
            ],
            [
                
            ],
            [
                
            ],
            [
                [
                    "versions.yml:md5,54e38ebe354c705a56c06a11c0ccf68e",
                    "versions.yml:md5,712d34b9d3e3703d173d6422327e6f9e",
                    "versions.yml:md5,2da05fb640ca6106be6412bd32e8003f"
                ]
            ]
        ],
        "timestamp": "2023-09-08T13:53:49.356875"
    },
    "test_fastq_trim_fastp_fastqc_paired_end": {
        "content": [
            [
                [
                    {
                        "id": "test"
                    },
                    [
                        "test_1.fastp.fastq.gz:md5,dc08e42319d0deab088da4d8600aa2bd",
                        "test_2.fastp.fastq.gz:md5,e59d0d65cc8c2801f1b970df601fc207"
                    ]
                ]
            ],
            [
                [
                    {
                        "id": "test"
                    },
                    "test.fastp.json:md5,1e0f8e27e71728e2b63fc64086be95cd"
                ]
            ],
            [
                
            ],
            [
                
            ],
            [
                [
                    "versions.yml:md5,712d34b9d3e3703d173d6422327e6f9e",
                    "versions.yml:md5,2da05fb640ca6106be6412bd32e8003f",
                    "versions.yml:md5,54e38ebe354c705a56c06a11c0ccf68e"
                ]
            ]
        ],
        "timestamp": "2023-09-08T13:54:11.942043"
    },
    "test_fastq_trim_fastp_fastqc_interleaved": {
        "content": [
            [
                [
                    {
                        "id": "test"
                    },
                    "test.fastp.fastq.gz:md5,dc08e42319d0deab088da4d8600aa2bd"
                ]
            ],
            [
                [
                    {
                        "id": "test"
                    },
                    "test.fastp.json:md5,c852d7a6dba5819e4ac8d9673bedcacc"
                ]
            ],
            [
                
            ],
            [
                
            ],
            [
                [
                    "versions.yml:md5,54e38ebe354c705a56c06a11c0ccf68e",
                    "versions.yml:md5,712d34b9d3e3703d173d6422327e6f9e",
                    "versions.yml:md5,2da05fb640ca6106be6412bd32e8003f"
                ]
            ]
        ],
        "timestamp": "2023-09-08T13:54:32.228126"
    }
}