{
    "Should run without failures": {
        "content": [
            {
                "0": [
                    [
                        {
                            "id": "input"
                        },
                        [
                            "2023-07-31T093650.969680.snakemake.log:md5,1ba1e5b1f45fd77c0a0b2fced5597c9a",
                            "aGVsbG8udHh0:md5,5d5b69e1a49e8d8aeac628ee5526e94e",
                            "hello.txt:md5,e59ff97941044f85df5297e1c302d260",
                            "versions.yml:md5,91f038cba572e2b7b6dfe06e0e088ce5"
                        ]
                    ]
                ],
                "1": [
                    [
                        {
                            "id": "input"
                        },
                        [
                            [
                                
                            ],
                            [
                                
                            ],
                            [
                                
                            ],
                            [
                                
                            ],
                            [
                                
                            ],
                            [
                                "2023-07-31T093650.969680.snakemake.log:md5,1ba1e5b1f45fd77c0a0b2fced5597c9a"
                            ],
                            [
                                "aGVsbG8udHh0:md5,5d5b69e1a49e8d8aeac628ee5526e94e"
                            ],
                            [
                                
                            ],
                            [
                                
                            ]
                        ]
                    ]
                ],
                "2": [
                    "versions.yml:md5,91f038cba572e2b7b6dfe06e0e088ce5"
                ],
                "outputs": [
                    [
                        {
                            "id": "input"
                        },
                        [
                            "2023-07-31T093650.969680.snakemake.log:md5,1ba1e5b1f45fd77c0a0b2fced5597c9a",
                            "aGVsbG8udHh0:md5,5d5b69e1a49e8d8aeac628ee5526e94e",
                            "hello.txt:md5,e59ff97941044f85df5297e1c302d260",
                            "versions.yml:md5,91f038cba572e2b7b6dfe06e0e088ce5"
                        ]
                    ]
                ],
                "snakemake_dir": [
                    [
                        {
                            "id": "input"
                        },
                        [
                            [
                                
                            ],
                            [
                                
                            ],
                            [
                                
                            ],
                            [
                                
                            ],
                            [
                                
                            ],
                            [
                                "2023-07-31T093650.969680.snakemake.log:md5,1ba1e5b1f45fd77c0a0b2fced5597c9a"
                            ],
                            [
                                "aGVsbG8udHh0:md5,5d5b69e1a49e8d8aeac628ee5526e94e"
                            ],
                            [
                                
                            ],
                            [
                                
                            ]
                        ]
                    ]
                ],
                "versions": [
                    "versions.yml:md5,91f038cba572e2b7b6dfe06e0e088ce5"
                ]
            }
        ],
        "timestamp": "2023-07-31T09:36:55+0000"
    }
}