{
    "pe versions": {
        "content": [
            [
                "versions.yml:md5,47d966cbb31c80eb8f7fe860d55659b7"
            ]
        ],
        "meta": {
            "nf-test": "0.8.4",
            "nextflow": "24.01.0"
        },
        "timestamp": "2024-02-29T15:48:13.304557"
    },
    "se versions": {
        "content": [
            [
                "versions.yml:md5,47d966cbb31c80eb8f7fe860d55659b7"
            ]
        ],
        "meta": {
            "nf-test": "0.8.4",
            "nextflow": "24.01.0"
        },
        "timestamp": "2024-02-29T15:48:02.667333"
    }
}