{
    "fastqc_versions_3": {
        "content": [
            [
                "versions.yml:md5,e1cc25ca8af856014824abd842e93978"
            ]
        ],
        "meta": {
            "nf-test": "0.8.4",
            "nextflow": "23.10.1"
        },
        "timestamp": "2024-01-31T17:29:55.162378"
    },
    "fastqc_versions_4": {
        "content": [
            [
                "versions.yml:md5,e1cc25ca8af856014824abd842e93978"
            ]
        ],
        "meta": {
            "nf-test": "0.8.4",
            "nextflow": "23.10.1"
        },
        "timestamp": "2024-01-31T17:30:12.954327"
    },
    "fastqc_versions_5": {
        "content": [
            [
                "versions.yml:md5,e1cc25ca8af856014824abd842e93978"
            ]
        ],
        "meta": {
            "nf-test": "0.8.4",
            "nextflow": "23.10.1"
        },
        "timestamp": "2024-01-31T17:30:37.620069"
    },
    "fastqc_stub": {
        "content": [
            [
                "test.html",
                "test.zip",
                "versions.yml:md5,e1cc25ca8af856014824abd842e93978"
            ]
        ],
        "meta": {
            "nf-test": "0.8.4",
            "nextflow": "23.10.1"
        },
        "timestamp": "2024-01-31T17:31:01.425198"
    },
    "fastqc_versions_6": {
        "content": [
            [
                "versions.yml:md5,e1cc25ca8af856014824abd842e93978"
            ]
        ],
        "meta": {
            "nf-test": "0.8.4",
            "nextflow": "23.10.1"
        },
        "timestamp": "2024-01-31T17:30:55.23209"
    },
    "fastqc_versions_1": {
        "content": [
            [
                "versions.yml:md5,e1cc25ca8af856014824abd842e93978"
            ]
        ],
        "meta": {
            "nf-test": "0.8.4",
            "nextflow": "23.10.1"
        },
        "timestamp": "2024-01-31T17:29:18.771405"
    },
    "fastqc_versions_2": {
        "content": [
            [
                "versions.yml:md5,e1cc25ca8af856014824abd842e93978"
            ]
        ],
        "meta": {
            "nf-test": "0.8.4",
            "nextflow": "23.10.1"
        },
        "timestamp": "2024-01-31T17:29:37.616481"
    }
}